Archive member included to satisfy reference by file (symbol)

c:/users/airchip/downloads/avr8-gnu-toolchain/bin/../lib/gcc/avr/4.9.2/avr5\libgcc.a(_exit.o)
                              c:/users/airchip/downloads/avr8-gnu-toolchain/bin/../lib/gcc/avr/4.9.2/../../../../avr/lib/avr5/crtatmega328p.o (exit)
c:/users/airchip/downloads/avr8-gnu-toolchain/bin/../lib/gcc/avr/4.9.2/avr5\libgcc.a(_copy_data.o)
                              obj\Debug\main.o (__do_copy_data)
c:/users/airchip/downloads/avr8-gnu-toolchain/bin/../lib/gcc/avr/4.9.2/avr5\libgcc.a(_clear_bss.o)
                              obj\Debug\main.o (__do_clear_bss)
C:\Users\Airchip\Downloads\avr8-gnu-toolchain\avr\lib\libm.a(cmpsf2.o)
                              obj\Debug\main.o (__ltsf2)
C:\Users\Airchip\Downloads\avr8-gnu-toolchain\avr\lib\libm.a(divsf3.o)
                              obj\Debug\main.o (__divsf3)
C:\Users\Airchip\Downloads\avr8-gnu-toolchain\avr\lib\libm.a(divsf3x.o)
                              C:\Users\Airchip\Downloads\avr8-gnu-toolchain\avr\lib\libm.a(divsf3.o) (__divsf3x)
C:\Users\Airchip\Downloads\avr8-gnu-toolchain\avr\lib\libm.a(fixunssfsi.o)
                              obj\Debug\main.o (__fixunssfsi)
C:\Users\Airchip\Downloads\avr8-gnu-toolchain\avr\lib\libm.a(fp_cmp.o)
                              C:\Users\Airchip\Downloads\avr8-gnu-toolchain\avr\lib\libm.a(cmpsf2.o) (__fp_cmp)
C:\Users\Airchip\Downloads\avr8-gnu-toolchain\avr\lib\libm.a(fp_inf.o)
                              C:\Users\Airchip\Downloads\avr8-gnu-toolchain\avr\lib\libm.a(divsf3x.o) (__fp_inf)
C:\Users\Airchip\Downloads\avr8-gnu-toolchain\avr\lib\libm.a(fp_nan.o)
                              C:\Users\Airchip\Downloads\avr8-gnu-toolchain\avr\lib\libm.a(divsf3x.o) (__fp_nan)
C:\Users\Airchip\Downloads\avr8-gnu-toolchain\avr\lib\libm.a(fp_pscA.o)
                              C:\Users\Airchip\Downloads\avr8-gnu-toolchain\avr\lib\libm.a(divsf3x.o) (__fp_pscA)
C:\Users\Airchip\Downloads\avr8-gnu-toolchain\avr\lib\libm.a(fp_pscB.o)
                              C:\Users\Airchip\Downloads\avr8-gnu-toolchain\avr\lib\libm.a(divsf3x.o) (__fp_pscB)
C:\Users\Airchip\Downloads\avr8-gnu-toolchain\avr\lib\libm.a(fp_round.o)
                              C:\Users\Airchip\Downloads\avr8-gnu-toolchain\avr\lib\libm.a(divsf3.o) (__fp_round)
C:\Users\Airchip\Downloads\avr8-gnu-toolchain\avr\lib\libm.a(fp_split3.o)
                              C:\Users\Airchip\Downloads\avr8-gnu-toolchain\avr\lib\libm.a(divsf3x.o) (__fp_split3)
C:\Users\Airchip\Downloads\avr8-gnu-toolchain\avr\lib\libm.a(fp_zero.o)
                              C:\Users\Airchip\Downloads\avr8-gnu-toolchain\avr\lib\libm.a(fixunssfsi.o) (__fp_zero)
C:\Users\Airchip\Downloads\avr8-gnu-toolchain\avr\lib\libm.a(gesf2.o)
                              obj\Debug\main.o (__gtsf2)
C:\Users\Airchip\Downloads\avr8-gnu-toolchain\avr\lib\libm.a(mulsf3.o)
                              obj\Debug\main.o (__mulsf3)
C:\Users\Airchip\Downloads\avr8-gnu-toolchain\avr\lib\libm.a(mulsf3x.o)
                              C:\Users\Airchip\Downloads\avr8-gnu-toolchain\avr\lib\libm.a(mulsf3.o) (__mulsf3x)
C:\Users\Airchip\Downloads\avr8-gnu-toolchain\avr\lib\libc.a(iob.o)
                              obj\Debug\main.o (__iob)
C:\Users\Airchip\Downloads\avr8-gnu-toolchain\avr\lib\libc.a(printf.o)
                              obj\Debug\main.o (printf)
C:\Users\Airchip\Downloads\avr8-gnu-toolchain\avr\lib\libc.a(puts.o)
                              obj\Debug\main.o (puts)
C:\Users\Airchip\Downloads\avr8-gnu-toolchain\avr\lib\libc.a(vfprintf_std.o)
                              C:\Users\Airchip\Downloads\avr8-gnu-toolchain\avr\lib\libc.a(printf.o) (vfprintf)
C:\Users\Airchip\Downloads\avr8-gnu-toolchain\avr\lib\libc.a(strnlen_P.o)
                              C:\Users\Airchip\Downloads\avr8-gnu-toolchain\avr\lib\libc.a(vfprintf_std.o) (strnlen_P)
C:\Users\Airchip\Downloads\avr8-gnu-toolchain\avr\lib\libc.a(strnlen.o)
                              C:\Users\Airchip\Downloads\avr8-gnu-toolchain\avr\lib\libc.a(vfprintf_std.o) (strnlen)
C:\Users\Airchip\Downloads\avr8-gnu-toolchain\avr\lib\libc.a(fputc.o)
                              C:\Users\Airchip\Downloads\avr8-gnu-toolchain\avr\lib\libc.a(vfprintf_std.o) (fputc)
C:\Users\Airchip\Downloads\avr8-gnu-toolchain\avr\lib\libc.a(ultoa_invert.o)
                              C:\Users\Airchip\Downloads\avr8-gnu-toolchain\avr\lib\libc.a(vfprintf_std.o) (__ultoa_invert)
c:/users/airchip/downloads/avr8-gnu-toolchain/bin/../lib/gcc/avr/4.9.2/avr5\libgcc.a(_prologue.o)
                              C:\Users\Airchip\Downloads\avr8-gnu-toolchain\avr\lib\libc.a(printf.o) (__prologue_saves__)
c:/users/airchip/downloads/avr8-gnu-toolchain/bin/../lib/gcc/avr/4.9.2/avr5\libgcc.a(_epilogue.o)
                              C:\Users\Airchip\Downloads\avr8-gnu-toolchain\avr\lib\libc.a(printf.o) (__epilogue_restores__)

Allocating common symbols
Common symbol       size              file

__iob               0x6               C:\Users\Airchip\Downloads\avr8-gnu-toolchain\avr\lib\libc.a(iob.o)

Memory Configuration

Name             Origin             Length             Attributes
text             0x00000000         0x00020000         xr
data             0x00800060         0x0000ffa0         rw !x
eeprom           0x00810000         0x00010000         rw !x
fuse             0x00820000         0x00000003         rw !x
lock             0x00830000         0x00000400         rw !x
signature        0x00840000         0x00000400         rw !x
user_signatures  0x00850000         0x00000400         rw !x
*default*        0x00000000         0xffffffff

Linker script and memory map

Address of section .data set to 0x800100
LOAD c:/users/airchip/downloads/avr8-gnu-toolchain/bin/../lib/gcc/avr/4.9.2/../../../../avr/lib/avr5/crtatmega328p.o
LOAD obj\Debug\fuse.o
LOAD obj\Debug\main.o
LOAD obj\Debug\uart.o
LOAD c:/users/airchip/downloads/avr8-gnu-toolchain/bin/../lib/gcc/avr/4.9.2/avr5\libgcc.a
LOAD C:\Users\Airchip\Downloads\avr8-gnu-toolchain\avr\lib\libm.a
START GROUP
LOAD c:/users/airchip/downloads/avr8-gnu-toolchain/bin/../lib/gcc/avr/4.9.2/avr5\libgcc.a
LOAD C:\Users\Airchip\Downloads\avr8-gnu-toolchain\avr\lib\libm.a
LOAD C:\Users\Airchip\Downloads\avr8-gnu-toolchain\avr\lib\libc.a
LOAD c:/users/airchip/downloads/avr8-gnu-toolchain/bin/../lib/gcc/avr/4.9.2/../../../../avr/lib/avr5\libatmega328p.a
END GROUP
                0x00020000                __TEXT_REGION_LENGTH__ = DEFINED (__TEXT_REGION_LENGTH__)?__TEXT_REGION_LENGTH__:0x20000
                0x0000ffa0                __DATA_REGION_LENGTH__ = DEFINED (__DATA_REGION_LENGTH__)?__DATA_REGION_LENGTH__:0xffa0
                0x00010000                __EEPROM_REGION_LENGTH__ = DEFINED (__EEPROM_REGION_LENGTH__)?__EEPROM_REGION_LENGTH__:0x10000
                [0x00000003]                __FUSE_REGION_LENGTH__ = DEFINED (__FUSE_REGION_LENGTH__)?__FUSE_REGION_LENGTH__:0x400
                0x00000400                __LOCK_REGION_LENGTH__ = DEFINED (__LOCK_REGION_LENGTH__)?__LOCK_REGION_LENGTH__:0x400
                0x00000400                __SIGNATURE_REGION_LENGTH__ = DEFINED (__SIGNATURE_REGION_LENGTH__)?__SIGNATURE_REGION_LENGTH__:0x400
                0x00000400                __USER_SIGNATURE_REGION_LENGTH__ = DEFINED (__USER_SIGNATURE_REGION_LENGTH__)?__USER_SIGNATURE_REGION_LENGTH__:0x400

.hash
 *(.hash)

.dynsym
 *(.dynsym)

.dynstr
 *(.dynstr)

.gnu.version
 *(.gnu.version)

.gnu.version_d
 *(.gnu.version_d)

.gnu.version_r
 *(.gnu.version_r)

.rel.init
 *(.rel.init)

.rela.init
 *(.rela.init)

.rel.text
 *(.rel.text)
 *(.rel.text.*)
 *(.rel.gnu.linkonce.t*)

.rela.text
 *(.rela.text)
 *(.rela.text.*)
 *(.rela.gnu.linkonce.t*)

.rel.fini
 *(.rel.fini)

.rela.fini
 *(.rela.fini)

.rel.rodata
 *(.rel.rodata)
 *(.rel.rodata.*)
 *(.rel.gnu.linkonce.r*)

.rela.rodata
 *(.rela.rodata)
 *(.rela.rodata.*)
 *(.rela.gnu.linkonce.r*)

.rel.data
 *(.rel.data)
 *(.rel.data.*)
 *(.rel.gnu.linkonce.d*)

.rela.data
 *(.rela.data)
 *(.rela.data.*)
 *(.rela.gnu.linkonce.d*)

.rel.ctors
 *(.rel.ctors)

.rela.ctors
 *(.rela.ctors)

.rel.dtors
 *(.rel.dtors)

.rela.dtors
 *(.rela.dtors)

.rel.got
 *(.rel.got)

.rela.got
 *(.rela.got)

.rel.bss
 *(.rel.bss)

.rela.bss
 *(.rela.bss)

.rel.plt
 *(.rel.plt)

.rela.plt
 *(.rela.plt)

.text           0x00000000     0x2416
 *(.vectors)
 .vectors       0x00000000       0x68 c:/users/airchip/downloads/avr8-gnu-toolchain/bin/../lib/gcc/avr/4.9.2/../../../../avr/lib/avr5/crtatmega328p.o
                0x00000000                __vector_default
                0x00000000                __vectors
 *(.vectors)
 *(.progmem.gcc*)
                0x00000068                . = ALIGN (0x2)
                0x00000068                __trampolines_start = .
 *(.trampolines)
 .trampolines   0x00000068        0x0 linker stubs
 *(.trampolines*)
                0x00000068                __trampolines_end = .
 *libprintf_flt.a:*(.progmem.data)
 *libc.a:*(.progmem.data)
 *(.progmem*)
                0x00000068                . = ALIGN (0x2)
 *(.jumptables)
 *(.jumptables*)
 *(.lowtext)
 *(.lowtext*)
                0x00000068                __ctors_start = .
 *(.ctors)
                0x00000068                __ctors_end = .
                0x00000068                __dtors_start = .
 *(.dtors)
                0x00000068                __dtors_end = .
 SORT(*)(.ctors)
 SORT(*)(.dtors)
 *(.init0)
 .init0         0x00000068        0x0 c:/users/airchip/downloads/avr8-gnu-toolchain/bin/../lib/gcc/avr/4.9.2/../../../../avr/lib/avr5/crtatmega328p.o
                0x00000068                __init
 *(.init0)
 *(.init1)
 *(.init1)
 *(.init2)
 .init2         0x00000068        0xc c:/users/airchip/downloads/avr8-gnu-toolchain/bin/../lib/gcc/avr/4.9.2/../../../../avr/lib/avr5/crtatmega328p.o
 *(.init2)
 *(.init3)
 *(.init3)
 *(.init4)
 .init4         0x00000074       0x16 c:/users/airchip/downloads/avr8-gnu-toolchain/bin/../lib/gcc/avr/4.9.2/avr5\libgcc.a(_copy_data.o)
                0x00000074                __do_copy_data
 .init4         0x0000008a       0x10 c:/users/airchip/downloads/avr8-gnu-toolchain/bin/../lib/gcc/avr/4.9.2/avr5\libgcc.a(_clear_bss.o)
                0x0000008a                __do_clear_bss
 *(.init4)
 *(.init5)
 *(.init5)
 *(.init6)
 *(.init6)
 *(.init7)
 *(.init7)
 *(.init8)
 *(.init8)
 *(.init9)
 .init9         0x0000009a        0x8 c:/users/airchip/downloads/avr8-gnu-toolchain/bin/../lib/gcc/avr/4.9.2/../../../../avr/lib/avr5/crtatmega328p.o
 *(.init9)
 *(.text)
 .text          0x000000a2        0x4 c:/users/airchip/downloads/avr8-gnu-toolchain/bin/../lib/gcc/avr/4.9.2/../../../../avr/lib/avr5/crtatmega328p.o
                0x000000a2                __vector_22
                0x000000a2                __vector_1
                0x000000a2                __vector_24
                0x000000a2                __vector_12
                0x000000a2                __bad_interrupt
                0x000000a2                __vector_6
                0x000000a2                __vector_3
                0x000000a2                __vector_23
                0x000000a2                __vector_25
                0x000000a2                __vector_11
                0x000000a2                __vector_13
                0x000000a2                __vector_17
                0x000000a2                __vector_19
                0x000000a2                __vector_7
                0x000000a2                __vector_5
                0x000000a2                __vector_4
                0x000000a2                __vector_9
                0x000000a2                __vector_2
                0x000000a2                __vector_21
                0x000000a2                __vector_15
                0x000000a2                __vector_8
                0x000000a2                __vector_14
                0x000000a2                __vector_10
                0x000000a2                __vector_16
                0x000000a2                __vector_18
                0x000000a2                __vector_20
 .text          0x000000a6        0x0 obj\Debug\fuse.o
 .text          0x000000a6     0x1952 obj\Debug\main.o
                0x000000a6                writeregval
                0x000005d2                readlowpowerpyro
                0x00001776                main
 .text          0x000019f8       0xc0 obj\Debug\uart.o
                0x000019f8                uart_init
                0x00001a3e                uart_putchar
                0x00001a8c                uart_getchar
 .text          0x00001ab8        0x0 c:/users/airchip/downloads/avr8-gnu-toolchain/bin/../lib/gcc/avr/4.9.2/avr5\libgcc.a(_exit.o)
 .text          0x00001ab8        0x0 c:/users/airchip/downloads/avr8-gnu-toolchain/bin/../lib/gcc/avr/4.9.2/avr5\libgcc.a(_copy_data.o)
 .text          0x00001ab8        0x0 c:/users/airchip/downloads/avr8-gnu-toolchain/bin/../lib/gcc/avr/4.9.2/avr5\libgcc.a(_clear_bss.o)
 .text          0x00001ab8        0x0 C:\Users\Airchip\Downloads\avr8-gnu-toolchain\avr\lib\libm.a(cmpsf2.o)
 .text          0x00001ab8        0x0 C:\Users\Airchip\Downloads\avr8-gnu-toolchain\avr\lib\libm.a(divsf3.o)
 .text          0x00001ab8        0x0 C:\Users\Airchip\Downloads\avr8-gnu-toolchain\avr\lib\libm.a(divsf3x.o)
 .text          0x00001ab8        0x0 C:\Users\Airchip\Downloads\avr8-gnu-toolchain\avr\lib\libm.a(fixunssfsi.o)
 .text          0x00001ab8        0x0 C:\Users\Airchip\Downloads\avr8-gnu-toolchain\avr\lib\libm.a(fp_cmp.o)
 .text          0x00001ab8        0x0 C:\Users\Airchip\Downloads\avr8-gnu-toolchain\avr\lib\libm.a(fp_inf.o)
 .text          0x00001ab8        0x0 C:\Users\Airchip\Downloads\avr8-gnu-toolchain\avr\lib\libm.a(fp_nan.o)
 .text          0x00001ab8        0x0 C:\Users\Airchip\Downloads\avr8-gnu-toolchain\avr\lib\libm.a(fp_pscA.o)
 .text          0x00001ab8        0x0 C:\Users\Airchip\Downloads\avr8-gnu-toolchain\avr\lib\libm.a(fp_pscB.o)
 .text          0x00001ab8        0x0 C:\Users\Airchip\Downloads\avr8-gnu-toolchain\avr\lib\libm.a(fp_round.o)
 .text          0x00001ab8        0x0 C:\Users\Airchip\Downloads\avr8-gnu-toolchain\avr\lib\libm.a(fp_split3.o)
 .text          0x00001ab8        0x0 C:\Users\Airchip\Downloads\avr8-gnu-toolchain\avr\lib\libm.a(fp_zero.o)
 .text          0x00001ab8        0x0 C:\Users\Airchip\Downloads\avr8-gnu-toolchain\avr\lib\libm.a(gesf2.o)
 .text          0x00001ab8        0x0 C:\Users\Airchip\Downloads\avr8-gnu-toolchain\avr\lib\libm.a(mulsf3.o)
 .text          0x00001ab8        0x0 C:\Users\Airchip\Downloads\avr8-gnu-toolchain\avr\lib\libm.a(mulsf3x.o)
 .text          0x00001ab8        0x0 C:\Users\Airchip\Downloads\avr8-gnu-toolchain\avr\lib\libc.a(iob.o)
 .text          0x00001ab8        0x0 C:\Users\Airchip\Downloads\avr8-gnu-toolchain\avr\lib\libc.a(printf.o)
 .text          0x00001ab8        0x0 C:\Users\Airchip\Downloads\avr8-gnu-toolchain\avr\lib\libc.a(puts.o)
 .text          0x00001ab8        0x0 C:\Users\Airchip\Downloads\avr8-gnu-toolchain\avr\lib\libc.a(vfprintf_std.o)
 .text          0x00001ab8        0x0 C:\Users\Airchip\Downloads\avr8-gnu-toolchain\avr\lib\libc.a(strnlen_P.o)
 .text          0x00001ab8        0x0 C:\Users\Airchip\Downloads\avr8-gnu-toolchain\avr\lib\libc.a(strnlen.o)
 .text          0x00001ab8        0x0 C:\Users\Airchip\Downloads\avr8-gnu-toolchain\avr\lib\libc.a(fputc.o)
 .text          0x00001ab8        0x0 C:\Users\Airchip\Downloads\avr8-gnu-toolchain\avr\lib\libc.a(ultoa_invert.o)
 .text          0x00001ab8        0x0 c:/users/airchip/downloads/avr8-gnu-toolchain/bin/../lib/gcc/avr/4.9.2/avr5\libgcc.a(_prologue.o)
 .text          0x00001ab8        0x0 c:/users/airchip/downloads/avr8-gnu-toolchain/bin/../lib/gcc/avr/4.9.2/avr5\libgcc.a(_epilogue.o)
                0x00001ab8                . = ALIGN (0x2)
 *(.text.*)
 .text.libgcc.mul
                0x00001ab8        0x0 c:/users/airchip/downloads/avr8-gnu-toolchain/bin/../lib/gcc/avr/4.9.2/avr5\libgcc.a(_exit.o)
 .text.libgcc.div
                0x00001ab8        0x0 c:/users/airchip/downloads/avr8-gnu-toolchain/bin/../lib/gcc/avr/4.9.2/avr5\libgcc.a(_exit.o)
 .text.libgcc   0x00001ab8        0x0 c:/users/airchip/downloads/avr8-gnu-toolchain/bin/../lib/gcc/avr/4.9.2/avr5\libgcc.a(_exit.o)
 .text.libgcc.prologue
                0x00001ab8        0x0 c:/users/airchip/downloads/avr8-gnu-toolchain/bin/../lib/gcc/avr/4.9.2/avr5\libgcc.a(_exit.o)
 .text.libgcc.builtins
                0x00001ab8        0x0 c:/users/airchip/downloads/avr8-gnu-toolchain/bin/../lib/gcc/avr/4.9.2/avr5\libgcc.a(_exit.o)
 .text.libgcc.fmul
                0x00001ab8        0x0 c:/users/airchip/downloads/avr8-gnu-toolchain/bin/../lib/gcc/avr/4.9.2/avr5\libgcc.a(_exit.o)
 .text.libgcc.fixed
                0x00001ab8        0x0 c:/users/airchip/downloads/avr8-gnu-toolchain/bin/../lib/gcc/avr/4.9.2/avr5\libgcc.a(_exit.o)
 .text.libgcc.mul
                0x00001ab8        0x0 c:/users/airchip/downloads/avr8-gnu-toolchain/bin/../lib/gcc/avr/4.9.2/avr5\libgcc.a(_copy_data.o)
 .text.libgcc.div
                0x00001ab8        0x0 c:/users/airchip/downloads/avr8-gnu-toolchain/bin/../lib/gcc/avr/4.9.2/avr5\libgcc.a(_copy_data.o)
 .text.libgcc   0x00001ab8        0x0 c:/users/airchip/downloads/avr8-gnu-toolchain/bin/../lib/gcc/avr/4.9.2/avr5\libgcc.a(_copy_data.o)
 .text.libgcc.prologue
                0x00001ab8        0x0 c:/users/airchip/downloads/avr8-gnu-toolchain/bin/../lib/gcc/avr/4.9.2/avr5\libgcc.a(_copy_data.o)
 .text.libgcc.builtins
                0x00001ab8        0x0 c:/users/airchip/downloads/avr8-gnu-toolchain/bin/../lib/gcc/avr/4.9.2/avr5\libgcc.a(_copy_data.o)
 .text.libgcc.fmul
                0x00001ab8        0x0 c:/users/airchip/downloads/avr8-gnu-toolchain/bin/../lib/gcc/avr/4.9.2/avr5\libgcc.a(_copy_data.o)
 .text.libgcc.fixed
                0x00001ab8        0x0 c:/users/airchip/downloads/avr8-gnu-toolchain/bin/../lib/gcc/avr/4.9.2/avr5\libgcc.a(_copy_data.o)
 .text.libgcc.mul
                0x00001ab8        0x0 c:/users/airchip/downloads/avr8-gnu-toolchain/bin/../lib/gcc/avr/4.9.2/avr5\libgcc.a(_clear_bss.o)
 .text.libgcc.div
                0x00001ab8        0x0 c:/users/airchip/downloads/avr8-gnu-toolchain/bin/../lib/gcc/avr/4.9.2/avr5\libgcc.a(_clear_bss.o)
 .text.libgcc   0x00001ab8        0x0 c:/users/airchip/downloads/avr8-gnu-toolchain/bin/../lib/gcc/avr/4.9.2/avr5\libgcc.a(_clear_bss.o)
 .text.libgcc.prologue
                0x00001ab8        0x0 c:/users/airchip/downloads/avr8-gnu-toolchain/bin/../lib/gcc/avr/4.9.2/avr5\libgcc.a(_clear_bss.o)
 .text.libgcc.builtins
                0x00001ab8        0x0 c:/users/airchip/downloads/avr8-gnu-toolchain/bin/../lib/gcc/avr/4.9.2/avr5\libgcc.a(_clear_bss.o)
 .text.libgcc.fmul
                0x00001ab8        0x0 c:/users/airchip/downloads/avr8-gnu-toolchain/bin/../lib/gcc/avr/4.9.2/avr5\libgcc.a(_clear_bss.o)
 .text.libgcc.fixed
                0x00001ab8        0x0 c:/users/airchip/downloads/avr8-gnu-toolchain/bin/../lib/gcc/avr/4.9.2/avr5\libgcc.a(_clear_bss.o)
 .text.avr-libc.fplib
                0x00001ab8        0x8 C:\Users\Airchip\Downloads\avr8-gnu-toolchain\avr\lib\libm.a(cmpsf2.o)
                0x00001ab8                __nesf2
                0x00001ab8                __eqsf2
                0x00001ab8                __cmpsf2
                0x00001ab8                __ltsf2
                0x00001ab8                __lesf2
 .text.avr-libc.fplib
                0x00001ac0        0x4 C:\Users\Airchip\Downloads\avr8-gnu-toolchain\avr\lib\libm.a(divsf3.o)
                0x00001ac0                __divsf3
 .text.avr-libc.fplib
                0x00001ac4       0xce C:\Users\Airchip\Downloads\avr8-gnu-toolchain\avr\lib\libm.a(divsf3x.o)
                0x00001ada                __divsf3x
                0x00001ade                __divsf3_pse
 .text.avr-libc.fplib
                0x00001b92       0x58 C:\Users\Airchip\Downloads\avr8-gnu-toolchain\avr\lib\libm.a(fixunssfsi.o)
                0x00001b92                __fixunssfsi
 .text.avr-libc.fplib
                0x00001bea       0x48 C:\Users\Airchip\Downloads\avr8-gnu-toolchain\avr\lib\libm.a(fp_cmp.o)
                0x00001bea                __fp_cmp
 .text.avr-libc.fplib
                0x00001c32        0xc C:\Users\Airchip\Downloads\avr8-gnu-toolchain\avr\lib\libm.a(fp_inf.o)
                0x00001c32                __fp_inf
 .text.avr-libc.fplib
                0x00001c3e        0x6 C:\Users\Airchip\Downloads\avr8-gnu-toolchain\avr\lib\libm.a(fp_nan.o)
                0x00001c3e                __fp_nan
 .text.avr-libc.fplib
                0x00001c44        0xe C:\Users\Airchip\Downloads\avr8-gnu-toolchain\avr\lib\libm.a(fp_pscA.o)
                0x00001c44                __fp_pscA
 .text.avr-libc.fplib
                0x00001c52        0xe C:\Users\Airchip\Downloads\avr8-gnu-toolchain\avr\lib\libm.a(fp_pscB.o)
                0x00001c52                __fp_pscB
 .text.avr-libc.fplib
                0x00001c60       0x22 C:\Users\Airchip\Downloads\avr8-gnu-toolchain\avr\lib\libm.a(fp_round.o)
                0x00001c60                __fp_round
 .text.avr-libc.fplib
                0x00001c82       0x44 C:\Users\Airchip\Downloads\avr8-gnu-toolchain\avr\lib\libm.a(fp_split3.o)
                0x00001c82                __fp_split3
                0x00001c92                __fp_splitA
 .text.avr-libc.fplib
                0x00001cc6       0x10 C:\Users\Airchip\Downloads\avr8-gnu-toolchain\avr\lib\libm.a(fp_zero.o)
                0x00001cc6                __fp_zero
                0x00001cc8                __fp_szero
 .text.avr-libc.fplib
                0x00001cd6        0x8 C:\Users\Airchip\Downloads\avr8-gnu-toolchain\avr\lib\libm.a(gesf2.o)
                0x00001cd6                __gesf2
                0x00001cd6                __gtsf2
 .text.avr-libc.fplib
                0x00001cde        0x4 C:\Users\Airchip\Downloads\avr8-gnu-toolchain\avr\lib\libm.a(mulsf3.o)
                0x00001cde                __mulsf3
 .text.avr-libc.fplib
                0x00001ce2       0xd2 C:\Users\Airchip\Downloads\avr8-gnu-toolchain\avr\lib\libm.a(mulsf3x.o)
                0x00001cf4                __mulsf3x
                0x00001cf8                __mulsf3_pse
 .text.avr-libc
                0x00001db4       0x2c C:\Users\Airchip\Downloads\avr8-gnu-toolchain\avr\lib\libc.a(printf.o)
                0x00001db4                printf
 .text.avr-libc
                0x00001de0       0x68 C:\Users\Airchip\Downloads\avr8-gnu-toolchain\avr\lib\libc.a(puts.o)
                0x00001de0                puts
 .text.avr-libc
                0x00001e48      0x3ec C:\Users\Airchip\Downloads\avr8-gnu-toolchain\avr\lib\libc.a(vfprintf_std.o)
                0x00001e48                vfprintf
 .text.avr-libc
                0x00002234       0x1a C:\Users\Airchip\Downloads\avr8-gnu-toolchain\avr\lib\libc.a(strnlen_P.o)
                0x00002234                strnlen_P
 .text.avr-libc
                0x0000224e       0x18 C:\Users\Airchip\Downloads\avr8-gnu-toolchain\avr\lib\libc.a(strnlen.o)
                0x0000224e                strnlen
 .text.avr-libc
                0x00002266       0x76 C:\Users\Airchip\Downloads\avr8-gnu-toolchain\avr\lib\libc.a(fputc.o)
                0x00002266                fputc
 .text.avr-libc
                0x000022dc       0xc8 C:\Users\Airchip\Downloads\avr8-gnu-toolchain\avr\lib\libc.a(ultoa_invert.o)
                0x000022dc                __ultoa_invert
 .text.libgcc.mul
                0x000023a4        0x0 c:/users/airchip/downloads/avr8-gnu-toolchain/bin/../lib/gcc/avr/4.9.2/avr5\libgcc.a(_prologue.o)
 .text.libgcc.div
                0x000023a4        0x0 c:/users/airchip/downloads/avr8-gnu-toolchain/bin/../lib/gcc/avr/4.9.2/avr5\libgcc.a(_prologue.o)
 .text.libgcc   0x000023a4        0x0 c:/users/airchip/downloads/avr8-gnu-toolchain/bin/../lib/gcc/avr/4.9.2/avr5\libgcc.a(_prologue.o)
 .text.libgcc.prologue
                0x000023a4       0x38 c:/users/airchip/downloads/avr8-gnu-toolchain/bin/../lib/gcc/avr/4.9.2/avr5\libgcc.a(_prologue.o)
                0x000023a4                __prologue_saves__
 .text.libgcc.builtins
                0x000023dc        0x0 c:/users/airchip/downloads/avr8-gnu-toolchain/bin/../lib/gcc/avr/4.9.2/avr5\libgcc.a(_prologue.o)
 .text.libgcc.fmul
                0x000023dc        0x0 c:/users/airchip/downloads/avr8-gnu-toolchain/bin/../lib/gcc/avr/4.9.2/avr5\libgcc.a(_prologue.o)
 .text.libgcc.fixed
                0x000023dc        0x0 c:/users/airchip/downloads/avr8-gnu-toolchain/bin/../lib/gcc/avr/4.9.2/avr5\libgcc.a(_prologue.o)
 .text.libgcc.mul
                0x000023dc        0x0 c:/users/airchip/downloads/avr8-gnu-toolchain/bin/../lib/gcc/avr/4.9.2/avr5\libgcc.a(_epilogue.o)
 .text.libgcc.div
                0x000023dc        0x0 c:/users/airchip/downloads/avr8-gnu-toolchain/bin/../lib/gcc/avr/4.9.2/avr5\libgcc.a(_epilogue.o)
 .text.libgcc   0x000023dc        0x0 c:/users/airchip/downloads/avr8-gnu-toolchain/bin/../lib/gcc/avr/4.9.2/avr5\libgcc.a(_epilogue.o)
 .text.libgcc.prologue
                0x000023dc       0x36 c:/users/airchip/downloads/avr8-gnu-toolchain/bin/../lib/gcc/avr/4.9.2/avr5\libgcc.a(_epilogue.o)
                0x000023dc                __epilogue_restores__
 .text.libgcc.builtins
                0x00002412        0x0 c:/users/airchip/downloads/avr8-gnu-toolchain/bin/../lib/gcc/avr/4.9.2/avr5\libgcc.a(_epilogue.o)
 .text.libgcc.fmul
                0x00002412        0x0 c:/users/airchip/downloads/avr8-gnu-toolchain/bin/../lib/gcc/avr/4.9.2/avr5\libgcc.a(_epilogue.o)
 .text.libgcc.fixed
                0x00002412        0x0 c:/users/airchip/downloads/avr8-gnu-toolchain/bin/../lib/gcc/avr/4.9.2/avr5\libgcc.a(_epilogue.o)
                0x00002412                . = ALIGN (0x2)
 *(.fini9)
 .fini9         0x00002412        0x0 c:/users/airchip/downloads/avr8-gnu-toolchain/bin/../lib/gcc/avr/4.9.2/avr5\libgcc.a(_exit.o)
                0x00002412                _exit
                0x00002412                exit
 *(.fini9)
 *(.fini8)
 *(.fini8)
 *(.fini7)
 *(.fini7)
 *(.fini6)
 *(.fini6)
 *(.fini5)
 *(.fini5)
 *(.fini4)
 *(.fini4)
 *(.fini3)
 *(.fini3)
 *(.fini2)
 *(.fini2)
 *(.fini1)
 *(.fini1)
 *(.fini0)
 .fini0         0x00002412        0x4 c:/users/airchip/downloads/avr8-gnu-toolchain/bin/../lib/gcc/avr/4.9.2/avr5\libgcc.a(_exit.o)
 *(.fini0)
                0x00002416                _etext = .

.data           0x00800100       0x80 load address 0x00002416
                0x00800100                PROVIDE (__data_start, .)
 *(.data)
 .data          0x00800100        0x0 c:/users/airchip/downloads/avr8-gnu-toolchain/bin/../lib/gcc/avr/4.9.2/../../../../avr/lib/avr5/crtatmega328p.o
 .data          0x00800100        0x0 obj\Debug\fuse.o
 .data          0x00800100       0x1c obj\Debug\main.o
                0x00800100                uart_output
                0x0080010e                uart_input
 .data          0x0080011c        0x0 obj\Debug\uart.o
 .data          0x0080011c        0x0 c:/users/airchip/downloads/avr8-gnu-toolchain/bin/../lib/gcc/avr/4.9.2/avr5\libgcc.a(_exit.o)
 .data          0x0080011c        0x0 c:/users/airchip/downloads/avr8-gnu-toolchain/bin/../lib/gcc/avr/4.9.2/avr5\libgcc.a(_copy_data.o)
 .data          0x0080011c        0x0 c:/users/airchip/downloads/avr8-gnu-toolchain/bin/../lib/gcc/avr/4.9.2/avr5\libgcc.a(_clear_bss.o)
 .data          0x0080011c        0x0 C:\Users\Airchip\Downloads\avr8-gnu-toolchain\avr\lib\libm.a(cmpsf2.o)
 .data          0x0080011c        0x0 C:\Users\Airchip\Downloads\avr8-gnu-toolchain\avr\lib\libm.a(divsf3.o)
 .data          0x0080011c        0x0 C:\Users\Airchip\Downloads\avr8-gnu-toolchain\avr\lib\libm.a(divsf3x.o)
 .data          0x0080011c        0x0 C:\Users\Airchip\Downloads\avr8-gnu-toolchain\avr\lib\libm.a(fixunssfsi.o)
 .data          0x0080011c        0x0 C:\Users\Airchip\Downloads\avr8-gnu-toolchain\avr\lib\libm.a(fp_cmp.o)
 .data          0x0080011c        0x0 C:\Users\Airchip\Downloads\avr8-gnu-toolchain\avr\lib\libm.a(fp_inf.o)
 .data          0x0080011c        0x0 C:\Users\Airchip\Downloads\avr8-gnu-toolchain\avr\lib\libm.a(fp_nan.o)
 .data          0x0080011c        0x0 C:\Users\Airchip\Downloads\avr8-gnu-toolchain\avr\lib\libm.a(fp_pscA.o)
 .data          0x0080011c        0x0 C:\Users\Airchip\Downloads\avr8-gnu-toolchain\avr\lib\libm.a(fp_pscB.o)
 .data          0x0080011c        0x0 C:\Users\Airchip\Downloads\avr8-gnu-toolchain\avr\lib\libm.a(fp_round.o)
 .data          0x0080011c        0x0 C:\Users\Airchip\Downloads\avr8-gnu-toolchain\avr\lib\libm.a(fp_split3.o)
 .data          0x0080011c        0x0 C:\Users\Airchip\Downloads\avr8-gnu-toolchain\avr\lib\libm.a(fp_zero.o)
 .data          0x0080011c        0x0 C:\Users\Airchip\Downloads\avr8-gnu-toolchain\avr\lib\libm.a(gesf2.o)
 .data          0x0080011c        0x0 C:\Users\Airchip\Downloads\avr8-gnu-toolchain\avr\lib\libm.a(mulsf3.o)
 .data          0x0080011c        0x0 C:\Users\Airchip\Downloads\avr8-gnu-toolchain\avr\lib\libm.a(mulsf3x.o)
 .data          0x0080011c        0x0 C:\Users\Airchip\Downloads\avr8-gnu-toolchain\avr\lib\libc.a(iob.o)
 .data          0x0080011c        0x0 C:\Users\Airchip\Downloads\avr8-gnu-toolchain\avr\lib\libc.a(printf.o)
 .data          0x0080011c        0x0 C:\Users\Airchip\Downloads\avr8-gnu-toolchain\avr\lib\libc.a(puts.o)
 .data          0x0080011c        0x0 C:\Users\Airchip\Downloads\avr8-gnu-toolchain\avr\lib\libc.a(vfprintf_std.o)
 .data          0x0080011c        0x0 C:\Users\Airchip\Downloads\avr8-gnu-toolchain\avr\lib\libc.a(strnlen_P.o)
 .data          0x0080011c        0x0 C:\Users\Airchip\Downloads\avr8-gnu-toolchain\avr\lib\libc.a(strnlen.o)
 .data          0x0080011c        0x0 C:\Users\Airchip\Downloads\avr8-gnu-toolchain\avr\lib\libc.a(fputc.o)
 .data          0x0080011c        0x0 C:\Users\Airchip\Downloads\avr8-gnu-toolchain\avr\lib\libc.a(ultoa_invert.o)
 .data          0x0080011c        0x0 c:/users/airchip/downloads/avr8-gnu-toolchain/bin/../lib/gcc/avr/4.9.2/avr5\libgcc.a(_prologue.o)
 .data          0x0080011c        0x0 c:/users/airchip/downloads/avr8-gnu-toolchain/bin/../lib/gcc/avr/4.9.2/avr5\libgcc.a(_epilogue.o)
 *(.data*)
 *(.rodata)
 .rodata        0x0080011c       0x63 obj\Debug\main.o
 *(.rodata*)
 *(.gnu.linkonce.d*)
                0x00800180                . = ALIGN (0x2)
 *fill*         0x0080017f        0x1 
                0x00800180                _edata = .
                0x00800180                PROVIDE (__data_end, .)

.bss            0x00800180        0xc
                0x00800180                PROVIDE (__bss_start, .)
 *(.bss)
 .bss           0x00800180        0x0 c:/users/airchip/downloads/avr8-gnu-toolchain/bin/../lib/gcc/avr/4.9.2/../../../../avr/lib/avr5/crtatmega328p.o
 .bss           0x00800180        0x0 obj\Debug\fuse.o
 .bss           0x00800180        0x6 obj\Debug\main.o
                0x00800180                PIRval
                0x00800182                statcfg
 .bss           0x00800186        0x0 obj\Debug\uart.o
 .bss           0x00800186        0x0 c:/users/airchip/downloads/avr8-gnu-toolchain/bin/../lib/gcc/avr/4.9.2/avr5\libgcc.a(_exit.o)
 .bss           0x00800186        0x0 c:/users/airchip/downloads/avr8-gnu-toolchain/bin/../lib/gcc/avr/4.9.2/avr5\libgcc.a(_copy_data.o)
 .bss           0x00800186        0x0 c:/users/airchip/downloads/avr8-gnu-toolchain/bin/../lib/gcc/avr/4.9.2/avr5\libgcc.a(_clear_bss.o)
 .bss           0x00800186        0x0 C:\Users\Airchip\Downloads\avr8-gnu-toolchain\avr\lib\libm.a(cmpsf2.o)
 .bss           0x00800186        0x0 C:\Users\Airchip\Downloads\avr8-gnu-toolchain\avr\lib\libm.a(divsf3.o)
 .bss           0x00800186        0x0 C:\Users\Airchip\Downloads\avr8-gnu-toolchain\avr\lib\libm.a(divsf3x.o)
 .bss           0x00800186        0x0 C:\Users\Airchip\Downloads\avr8-gnu-toolchain\avr\lib\libm.a(fixunssfsi.o)
 .bss           0x00800186        0x0 C:\Users\Airchip\Downloads\avr8-gnu-toolchain\avr\lib\libm.a(fp_cmp.o)
 .bss           0x00800186        0x0 C:\Users\Airchip\Downloads\avr8-gnu-toolchain\avr\lib\libm.a(fp_inf.o)
 .bss           0x00800186        0x0 C:\Users\Airchip\Downloads\avr8-gnu-toolchain\avr\lib\libm.a(fp_nan.o)
 .bss           0x00800186        0x0 C:\Users\Airchip\Downloads\avr8-gnu-toolchain\avr\lib\libm.a(fp_pscA.o)
 .bss           0x00800186        0x0 C:\Users\Airchip\Downloads\avr8-gnu-toolchain\avr\lib\libm.a(fp_pscB.o)
 .bss           0x00800186        0x0 C:\Users\Airchip\Downloads\avr8-gnu-toolchain\avr\lib\libm.a(fp_round.o)
 .bss           0x00800186        0x0 C:\Users\Airchip\Downloads\avr8-gnu-toolchain\avr\lib\libm.a(fp_split3.o)
 .bss           0x00800186        0x0 C:\Users\Airchip\Downloads\avr8-gnu-toolchain\avr\lib\libm.a(fp_zero.o)
 .bss           0x00800186        0x0 C:\Users\Airchip\Downloads\avr8-gnu-toolchain\avr\lib\libm.a(gesf2.o)
 .bss           0x00800186        0x0 C:\Users\Airchip\Downloads\avr8-gnu-toolchain\avr\lib\libm.a(mulsf3.o)
 .bss           0x00800186        0x0 C:\Users\Airchip\Downloads\avr8-gnu-toolchain\avr\lib\libm.a(mulsf3x.o)
 .bss           0x00800186        0x0 C:\Users\Airchip\Downloads\avr8-gnu-toolchain\avr\lib\libc.a(iob.o)
 .bss           0x00800186        0x0 C:\Users\Airchip\Downloads\avr8-gnu-toolchain\avr\lib\libc.a(printf.o)
 .bss           0x00800186        0x0 C:\Users\Airchip\Downloads\avr8-gnu-toolchain\avr\lib\libc.a(puts.o)
 .bss           0x00800186        0x0 C:\Users\Airchip\Downloads\avr8-gnu-toolchain\avr\lib\libc.a(vfprintf_std.o)
 .bss           0x00800186        0x0 C:\Users\Airchip\Downloads\avr8-gnu-toolchain\avr\lib\libc.a(strnlen_P.o)
 .bss           0x00800186        0x0 C:\Users\Airchip\Downloads\avr8-gnu-toolchain\avr\lib\libc.a(strnlen.o)
 .bss           0x00800186        0x0 C:\Users\Airchip\Downloads\avr8-gnu-toolchain\avr\lib\libc.a(fputc.o)
 .bss           0x00800186        0x0 C:\Users\Airchip\Downloads\avr8-gnu-toolchain\avr\lib\libc.a(ultoa_invert.o)
 .bss           0x00800186        0x0 c:/users/airchip/downloads/avr8-gnu-toolchain/bin/../lib/gcc/avr/4.9.2/avr5\libgcc.a(_prologue.o)
 .bss           0x00800186        0x0 c:/users/airchip/downloads/avr8-gnu-toolchain/bin/../lib/gcc/avr/4.9.2/avr5\libgcc.a(_epilogue.o)
 *(.bss*)
 *(COMMON)
 COMMON         0x00800186        0x6 C:\Users\Airchip\Downloads\avr8-gnu-toolchain\avr\lib\libc.a(iob.o)
                0x00800186                __iob
                0x0080018c                PROVIDE (__bss_end, .)
                0x00002416                __data_load_start = LOADADDR (.data)
                0x00002496                __data_load_end = (__data_load_start + SIZEOF (.data))

.noinit         0x0080018c        0x0
                [!provide]                PROVIDE (__noinit_start, .)
 *(.noinit*)
                [!provide]                PROVIDE (__noinit_end, .)
                0x0080018c                _end = .
                [!provide]                PROVIDE (__heap_start, .)

.eeprom         0x00810000        0x0
 *(.eeprom*)
                0x00810000                __eeprom_end = .

.fuse           0x00820000        0x3
 *(.fuse)
 .fuse          0x00820000        0x3 obj\Debug\fuse.o
                0x00820000                __fuse
 *(.lfuse)
 *(.hfuse)
 *(.efuse)

.lock
 *(.lock*)

.signature
 *(.signature*)

.user_signatures
 *(.user_signatures*)

.stab
 *(.stab)

.stabstr
 *(.stabstr)

.stab.excl
 *(.stab.excl)

.stab.exclstr
 *(.stab.exclstr)

.stab.index
 *(.stab.index)

.stab.indexstr
 *(.stab.indexstr)

.comment        0x00000000       0x5c
 *(.comment)
 .comment       0x00000000       0x30 obj\Debug\fuse.o
                                 0x31 (size before relaxing)
 .comment       0x00000030       0x31 obj\Debug\main.o
 .comment       0x00000030       0x31 obj\Debug\uart.o
 .comment       0x00000030       0x31 C:\Users\Airchip\Downloads\avr8-gnu-toolchain\avr\lib\libc.a(iob.o)
 .comment       0x00000030       0x31 C:\Users\Airchip\Downloads\avr8-gnu-toolchain\avr\lib\libc.a(printf.o)
 .comment       0x00000030       0x31 C:\Users\Airchip\Downloads\avr8-gnu-toolchain\avr\lib\libc.a(puts.o)
 .comment       0x00000030       0x2c C:\Users\Airchip\Downloads\avr8-gnu-toolchain\avr\lib\libc.a(vfprintf_std.o)
                                 0x2d (size before relaxing)
 .comment       0x0000005c       0x31 C:\Users\Airchip\Downloads\avr8-gnu-toolchain\avr\lib\libc.a(fputc.o)

.note.gnu.avr.deviceinfo
                0x00000000       0x40
 .note.gnu.avr.deviceinfo
                0x00000000       0x40 c:/users/airchip/downloads/avr8-gnu-toolchain/bin/../lib/gcc/avr/4.9.2/../../../../avr/lib/avr5/crtatmega328p.o

.note.gnu.build-id
 *(.note.gnu.build-id)

.debug
 *(.debug)

.line
 *(.line)

.debug_srcinfo
 *(.debug_srcinfo)

.debug_sfnames
 *(.debug_sfnames)

.debug_aranges  0x00000000       0x58
 *(.debug_aranges)
 .debug_aranges
                0x00000000       0x18 obj\Debug\fuse.o
 .debug_aranges
                0x00000018       0x20 obj\Debug\main.o
 .debug_aranges
                0x00000038       0x20 obj\Debug\uart.o

.debug_pubnames
 *(.debug_pubnames)

.debug_info     0x00000000     0x132a
 *(.debug_info .gnu.linkonce.wi.*)
 .debug_info    0x00000000      0x5f4 c:/users/airchip/downloads/avr8-gnu-toolchain/bin/../lib/gcc/avr/4.9.2/../../../../avr/lib/avr5/crtatmega328p.o
 .debug_info    0x000005f4       0xa6 obj\Debug\fuse.o
 .debug_info    0x0000069a      0xace obj\Debug\main.o
 .debug_info    0x00001168      0x1c2 obj\Debug\uart.o

.debug_abbrev   0x00000000      0x91a
 *(.debug_abbrev)
 .debug_abbrev  0x00000000      0x5a2 c:/users/airchip/downloads/avr8-gnu-toolchain/bin/../lib/gcc/avr/4.9.2/../../../../avr/lib/avr5/crtatmega328p.o
 .debug_abbrev  0x000005a2       0x6f obj\Debug\fuse.o
 .debug_abbrev  0x00000611      0x1ee obj\Debug\main.o
 .debug_abbrev  0x000007ff      0x11b obj\Debug\uart.o

.debug_line     0x00000000      0x95b
 *(.debug_line .debug_line.* .debug_line_end)
 .debug_line    0x00000000       0x1a c:/users/airchip/downloads/avr8-gnu-toolchain/bin/../lib/gcc/avr/4.9.2/../../../../avr/lib/avr5/crtatmega328p.o
 .debug_line    0x0000001a       0x6c obj\Debug\fuse.o
 .debug_line    0x00000086      0x7e8 obj\Debug\main.o
 .debug_line    0x0000086e       0xed obj\Debug\uart.o

.debug_frame    0x00000000      0x100
 *(.debug_frame)
 .debug_frame   0x00000000       0x8c obj\Debug\main.o
 .debug_frame   0x0000008c       0x74 obj\Debug\uart.o

.debug_str      0x00000000      0x3fd
 *(.debug_str)
 .debug_str     0x00000000      0x208 c:/users/airchip/downloads/avr8-gnu-toolchain/bin/../lib/gcc/avr/4.9.2/../../../../avr/lib/avr5/crtatmega328p.o
 .debug_str     0x00000208       0xb8 obj\Debug\fuse.o
                                 0xec (size before relaxing)
 .debug_str     0x000002c0      0x10b obj\Debug\main.o
                                0x1de (size before relaxing)
 .debug_str     0x000003cb       0x32 obj\Debug\uart.o
                                0x132 (size before relaxing)

.debug_loc      0x00000000      0x1d6
 *(.debug_loc)
 .debug_loc     0x00000000      0x10b obj\Debug\main.o
 .debug_loc     0x0000010b       0xcb obj\Debug\uart.o

.debug_macinfo
 *(.debug_macinfo)

.debug_weaknames
 *(.debug_weaknames)

.debug_funcnames
 *(.debug_funcnames)

.debug_typenames
 *(.debug_typenames)

.debug_varnames
 *(.debug_varnames)

.debug_pubtypes
 *(.debug_pubtypes)

.debug_ranges
 *(.debug_ranges)

.debug_macro
 *(.debug_macro)
OUTPUT(bin\Debug\PIR.elf elf32-avr)
LOAD linker stubs

Cross Reference Table

Symbol                                            File
PIRval                                            obj\Debug\main.o
__FUSE_REGION_LENGTH__                            c:/users/airchip/downloads/avr8-gnu-toolchain/bin/../lib/gcc/avr/4.9.2/../../../../avr/lib/avr5/crtatmega328p.o
__bad_interrupt                                   c:/users/airchip/downloads/avr8-gnu-toolchain/bin/../lib/gcc/avr/4.9.2/../../../../avr/lib/avr5/crtatmega328p.o
__bss_end                                         c:/users/airchip/downloads/avr8-gnu-toolchain/bin/../lib/gcc/avr/4.9.2/avr5\libgcc.a(_clear_bss.o)
__bss_start                                       c:/users/airchip/downloads/avr8-gnu-toolchain/bin/../lib/gcc/avr/4.9.2/avr5\libgcc.a(_clear_bss.o)
__cmpsf2                                          C:\Users\Airchip\Downloads\avr8-gnu-toolchain\avr\lib\libm.a(cmpsf2.o)
__data_end                                        c:/users/airchip/downloads/avr8-gnu-toolchain/bin/../lib/gcc/avr/4.9.2/avr5\libgcc.a(_copy_data.o)
__data_load_start                                 c:/users/airchip/downloads/avr8-gnu-toolchain/bin/../lib/gcc/avr/4.9.2/avr5\libgcc.a(_copy_data.o)
__data_start                                      c:/users/airchip/downloads/avr8-gnu-toolchain/bin/../lib/gcc/avr/4.9.2/avr5\libgcc.a(_copy_data.o)
__divsf3                                          C:\Users\Airchip\Downloads\avr8-gnu-toolchain\avr\lib\libm.a(divsf3.o)
                                                  obj\Debug\main.o
__divsf3_pse                                      C:\Users\Airchip\Downloads\avr8-gnu-toolchain\avr\lib\libm.a(divsf3x.o)
__divsf3x                                         C:\Users\Airchip\Downloads\avr8-gnu-toolchain\avr\lib\libm.a(divsf3x.o)
                                                  C:\Users\Airchip\Downloads\avr8-gnu-toolchain\avr\lib\libm.a(divsf3.o)
__do_clear_bss                                    c:/users/airchip/downloads/avr8-gnu-toolchain/bin/../lib/gcc/avr/4.9.2/avr5\libgcc.a(_clear_bss.o)
                                                  C:\Users\Airchip\Downloads\avr8-gnu-toolchain\avr\lib\libc.a(iob.o)
                                                  obj\Debug\main.o
__do_copy_data                                    c:/users/airchip/downloads/avr8-gnu-toolchain/bin/../lib/gcc/avr/4.9.2/avr5\libgcc.a(_copy_data.o)
                                                  obj\Debug\main.o
__epilogue_restores__                             c:/users/airchip/downloads/avr8-gnu-toolchain/bin/../lib/gcc/avr/4.9.2/avr5\libgcc.a(_epilogue.o)
                                                  C:\Users\Airchip\Downloads\avr8-gnu-toolchain\avr\lib\libc.a(vfprintf_std.o)
                                                  C:\Users\Airchip\Downloads\avr8-gnu-toolchain\avr\lib\libc.a(printf.o)
__eqsf2                                           C:\Users\Airchip\Downloads\avr8-gnu-toolchain\avr\lib\libm.a(cmpsf2.o)
__fixunssfsi                                      C:\Users\Airchip\Downloads\avr8-gnu-toolchain\avr\lib\libm.a(fixunssfsi.o)
                                                  obj\Debug\main.o
__fp_cmp                                          C:\Users\Airchip\Downloads\avr8-gnu-toolchain\avr\lib\libm.a(fp_cmp.o)
                                                  C:\Users\Airchip\Downloads\avr8-gnu-toolchain\avr\lib\libm.a(gesf2.o)
                                                  C:\Users\Airchip\Downloads\avr8-gnu-toolchain\avr\lib\libm.a(cmpsf2.o)
__fp_inf                                          C:\Users\Airchip\Downloads\avr8-gnu-toolchain\avr\lib\libm.a(fp_inf.o)
                                                  C:\Users\Airchip\Downloads\avr8-gnu-toolchain\avr\lib\libm.a(mulsf3x.o)
                                                  C:\Users\Airchip\Downloads\avr8-gnu-toolchain\avr\lib\libm.a(divsf3x.o)
__fp_nan                                          C:\Users\Airchip\Downloads\avr8-gnu-toolchain\avr\lib\libm.a(fp_nan.o)
                                                  C:\Users\Airchip\Downloads\avr8-gnu-toolchain\avr\lib\libm.a(mulsf3x.o)
                                                  C:\Users\Airchip\Downloads\avr8-gnu-toolchain\avr\lib\libm.a(divsf3x.o)
__fp_pscA                                         C:\Users\Airchip\Downloads\avr8-gnu-toolchain\avr\lib\libm.a(fp_pscA.o)
                                                  C:\Users\Airchip\Downloads\avr8-gnu-toolchain\avr\lib\libm.a(mulsf3x.o)
                                                  C:\Users\Airchip\Downloads\avr8-gnu-toolchain\avr\lib\libm.a(divsf3x.o)
__fp_pscB                                         C:\Users\Airchip\Downloads\avr8-gnu-toolchain\avr\lib\libm.a(fp_pscB.o)
                                                  C:\Users\Airchip\Downloads\avr8-gnu-toolchain\avr\lib\libm.a(mulsf3x.o)
                                                  C:\Users\Airchip\Downloads\avr8-gnu-toolchain\avr\lib\libm.a(divsf3x.o)
__fp_round                                        C:\Users\Airchip\Downloads\avr8-gnu-toolchain\avr\lib\libm.a(fp_round.o)
                                                  C:\Users\Airchip\Downloads\avr8-gnu-toolchain\avr\lib\libm.a(mulsf3.o)
                                                  C:\Users\Airchip\Downloads\avr8-gnu-toolchain\avr\lib\libm.a(divsf3.o)
__fp_split3                                       C:\Users\Airchip\Downloads\avr8-gnu-toolchain\avr\lib\libm.a(fp_split3.o)
                                                  C:\Users\Airchip\Downloads\avr8-gnu-toolchain\avr\lib\libm.a(mulsf3x.o)
                                                  C:\Users\Airchip\Downloads\avr8-gnu-toolchain\avr\lib\libm.a(divsf3x.o)
__fp_splitA                                       C:\Users\Airchip\Downloads\avr8-gnu-toolchain\avr\lib\libm.a(fp_split3.o)
                                                  C:\Users\Airchip\Downloads\avr8-gnu-toolchain\avr\lib\libm.a(fixunssfsi.o)
__fp_szero                                        C:\Users\Airchip\Downloads\avr8-gnu-toolchain\avr\lib\libm.a(fp_zero.o)
                                                  C:\Users\Airchip\Downloads\avr8-gnu-toolchain\avr\lib\libm.a(mulsf3x.o)
                                                  C:\Users\Airchip\Downloads\avr8-gnu-toolchain\avr\lib\libm.a(divsf3x.o)
__fp_zero                                         C:\Users\Airchip\Downloads\avr8-gnu-toolchain\avr\lib\libm.a(fp_zero.o)
                                                  C:\Users\Airchip\Downloads\avr8-gnu-toolchain\avr\lib\libm.a(fixunssfsi.o)
__fuse                                            obj\Debug\fuse.o
__gesf2                                           C:\Users\Airchip\Downloads\avr8-gnu-toolchain\avr\lib\libm.a(gesf2.o)
__gtsf2                                           C:\Users\Airchip\Downloads\avr8-gnu-toolchain\avr\lib\libm.a(gesf2.o)
                                                  obj\Debug\main.o
__heap_end                                        c:/users/airchip/downloads/avr8-gnu-toolchain/bin/../lib/gcc/avr/4.9.2/../../../../avr/lib/avr5/crtatmega328p.o
__init                                            c:/users/airchip/downloads/avr8-gnu-toolchain/bin/../lib/gcc/avr/4.9.2/../../../../avr/lib/avr5/crtatmega328p.o
__iob                                             C:\Users\Airchip\Downloads\avr8-gnu-toolchain\avr\lib\libc.a(iob.o)
                                                  C:\Users\Airchip\Downloads\avr8-gnu-toolchain\avr\lib\libc.a(puts.o)
                                                  C:\Users\Airchip\Downloads\avr8-gnu-toolchain\avr\lib\libc.a(printf.o)
                                                  obj\Debug\main.o
__lesf2                                           C:\Users\Airchip\Downloads\avr8-gnu-toolchain\avr\lib\libm.a(cmpsf2.o)
__ltsf2                                           C:\Users\Airchip\Downloads\avr8-gnu-toolchain\avr\lib\libm.a(cmpsf2.o)
                                                  obj\Debug\main.o
__mulqi3                                          C:\Users\Airchip\Downloads\avr8-gnu-toolchain\avr\lib\libc.a(vfprintf_std.o)
__mulsf3                                          C:\Users\Airchip\Downloads\avr8-gnu-toolchain\avr\lib\libm.a(mulsf3.o)
                                                  obj\Debug\main.o
__mulsf3_pse                                      C:\Users\Airchip\Downloads\avr8-gnu-toolchain\avr\lib\libm.a(mulsf3x.o)
__mulsf3x                                         C:\Users\Airchip\Downloads\avr8-gnu-toolchain\avr\lib\libm.a(mulsf3x.o)
                                                  C:\Users\Airchip\Downloads\avr8-gnu-toolchain\avr\lib\libm.a(mulsf3.o)
__nesf2                                           C:\Users\Airchip\Downloads\avr8-gnu-toolchain\avr\lib\libm.a(cmpsf2.o)
__prologue_saves__                                c:/users/airchip/downloads/avr8-gnu-toolchain/bin/../lib/gcc/avr/4.9.2/avr5\libgcc.a(_prologue.o)
                                                  C:\Users\Airchip\Downloads\avr8-gnu-toolchain\avr\lib\libc.a(vfprintf_std.o)
                                                  C:\Users\Airchip\Downloads\avr8-gnu-toolchain\avr\lib\libc.a(printf.o)
__stack                                           c:/users/airchip/downloads/avr8-gnu-toolchain/bin/../lib/gcc/avr/4.9.2/../../../../avr/lib/avr5/crtatmega328p.o
__ultoa_invert                                    C:\Users\Airchip\Downloads\avr8-gnu-toolchain\avr\lib\libc.a(ultoa_invert.o)
                                                  C:\Users\Airchip\Downloads\avr8-gnu-toolchain\avr\lib\libc.a(vfprintf_std.o)
__vector_1                                        c:/users/airchip/downloads/avr8-gnu-toolchain/bin/../lib/gcc/avr/4.9.2/../../../../avr/lib/avr5/crtatmega328p.o
__vector_10                                       c:/users/airchip/downloads/avr8-gnu-toolchain/bin/../lib/gcc/avr/4.9.2/../../../../avr/lib/avr5/crtatmega328p.o
__vector_11                                       c:/users/airchip/downloads/avr8-gnu-toolchain/bin/../lib/gcc/avr/4.9.2/../../../../avr/lib/avr5/crtatmega328p.o
__vector_12                                       c:/users/airchip/downloads/avr8-gnu-toolchain/bin/../lib/gcc/avr/4.9.2/../../../../avr/lib/avr5/crtatmega328p.o
__vector_13                                       c:/users/airchip/downloads/avr8-gnu-toolchain/bin/../lib/gcc/avr/4.9.2/../../../../avr/lib/avr5/crtatmega328p.o
__vector_14                                       c:/users/airchip/downloads/avr8-gnu-toolchain/bin/../lib/gcc/avr/4.9.2/../../../../avr/lib/avr5/crtatmega328p.o
__vector_15                                       c:/users/airchip/downloads/avr8-gnu-toolchain/bin/../lib/gcc/avr/4.9.2/../../../../avr/lib/avr5/crtatmega328p.o
__vector_16                                       c:/users/airchip/downloads/avr8-gnu-toolchain/bin/../lib/gcc/avr/4.9.2/../../../../avr/lib/avr5/crtatmega328p.o
__vector_17                                       c:/users/airchip/downloads/avr8-gnu-toolchain/bin/../lib/gcc/avr/4.9.2/../../../../avr/lib/avr5/crtatmega328p.o
__vector_18                                       c:/users/airchip/downloads/avr8-gnu-toolchain/bin/../lib/gcc/avr/4.9.2/../../../../avr/lib/avr5/crtatmega328p.o
__vector_19                                       c:/users/airchip/downloads/avr8-gnu-toolchain/bin/../lib/gcc/avr/4.9.2/../../../../avr/lib/avr5/crtatmega328p.o
__vector_2                                        c:/users/airchip/downloads/avr8-gnu-toolchain/bin/../lib/gcc/avr/4.9.2/../../../../avr/lib/avr5/crtatmega328p.o
__vector_20                                       c:/users/airchip/downloads/avr8-gnu-toolchain/bin/../lib/gcc/avr/4.9.2/../../../../avr/lib/avr5/crtatmega328p.o
__vector_21                                       c:/users/airchip/downloads/avr8-gnu-toolchain/bin/../lib/gcc/avr/4.9.2/../../../../avr/lib/avr5/crtatmega328p.o
__vector_22                                       c:/users/airchip/downloads/avr8-gnu-toolchain/bin/../lib/gcc/avr/4.9.2/../../../../avr/lib/avr5/crtatmega328p.o
__vector_23                                       c:/users/airchip/downloads/avr8-gnu-toolchain/bin/../lib/gcc/avr/4.9.2/../../../../avr/lib/avr5/crtatmega328p.o
__vector_24                                       c:/users/airchip/downloads/avr8-gnu-toolchain/bin/../lib/gcc/avr/4.9.2/../../../../avr/lib/avr5/crtatmega328p.o
__vector_25                                       c:/users/airchip/downloads/avr8-gnu-toolchain/bin/../lib/gcc/avr/4.9.2/../../../../avr/lib/avr5/crtatmega328p.o
__vector_3                                        c:/users/airchip/downloads/avr8-gnu-toolchain/bin/../lib/gcc/avr/4.9.2/../../../../avr/lib/avr5/crtatmega328p.o
__vector_4                                        c:/users/airchip/downloads/avr8-gnu-toolchain/bin/../lib/gcc/avr/4.9.2/../../../../avr/lib/avr5/crtatmega328p.o
__vector_5                                        c:/users/airchip/downloads/avr8-gnu-toolchain/bin/../lib/gcc/avr/4.9.2/../../../../avr/lib/avr5/crtatmega328p.o
__vector_6                                        c:/users/airchip/downloads/avr8-gnu-toolchain/bin/../lib/gcc/avr/4.9.2/../../../../avr/lib/avr5/crtatmega328p.o
__vector_7                                        c:/users/airchip/downloads/avr8-gnu-toolchain/bin/../lib/gcc/avr/4.9.2/../../../../avr/lib/avr5/crtatmega328p.o
__vector_8                                        c:/users/airchip/downloads/avr8-gnu-toolchain/bin/../lib/gcc/avr/4.9.2/../../../../avr/lib/avr5/crtatmega328p.o
__vector_9                                        c:/users/airchip/downloads/avr8-gnu-toolchain/bin/../lib/gcc/avr/4.9.2/../../../../avr/lib/avr5/crtatmega328p.o
__vector_default                                  c:/users/airchip/downloads/avr8-gnu-toolchain/bin/../lib/gcc/avr/4.9.2/../../../../avr/lib/avr5/crtatmega328p.o
__vectors                                         c:/users/airchip/downloads/avr8-gnu-toolchain/bin/../lib/gcc/avr/4.9.2/../../../../avr/lib/avr5/crtatmega328p.o
_exit                                             c:/users/airchip/downloads/avr8-gnu-toolchain/bin/../lib/gcc/avr/4.9.2/avr5\libgcc.a(_exit.o)
exit                                              c:/users/airchip/downloads/avr8-gnu-toolchain/bin/../lib/gcc/avr/4.9.2/avr5\libgcc.a(_exit.o)
                                                  c:/users/airchip/downloads/avr8-gnu-toolchain/bin/../lib/gcc/avr/4.9.2/../../../../avr/lib/avr5/crtatmega328p.o
fputc                                             C:\Users\Airchip\Downloads\avr8-gnu-toolchain\avr\lib\libc.a(fputc.o)
                                                  C:\Users\Airchip\Downloads\avr8-gnu-toolchain\avr\lib\libc.a(vfprintf_std.o)
main                                              obj\Debug\main.o
                                                  c:/users/airchip/downloads/avr8-gnu-toolchain/bin/../lib/gcc/avr/4.9.2/../../../../avr/lib/avr5/crtatmega328p.o
printf                                            C:\Users\Airchip\Downloads\avr8-gnu-toolchain\avr\lib\libc.a(printf.o)
                                                  obj\Debug\main.o
puts                                              C:\Users\Airchip\Downloads\avr8-gnu-toolchain\avr\lib\libc.a(puts.o)
                                                  obj\Debug\main.o
readlowpowerpyro                                  obj\Debug\main.o
statcfg                                           obj\Debug\main.o
strnlen                                           C:\Users\Airchip\Downloads\avr8-gnu-toolchain\avr\lib\libc.a(strnlen.o)
                                                  C:\Users\Airchip\Downloads\avr8-gnu-toolchain\avr\lib\libc.a(vfprintf_std.o)
strnlen_P                                         C:\Users\Airchip\Downloads\avr8-gnu-toolchain\avr\lib\libc.a(strnlen_P.o)
                                                  C:\Users\Airchip\Downloads\avr8-gnu-toolchain\avr\lib\libc.a(vfprintf_std.o)
uart_getchar                                      obj\Debug\uart.o
                                                  obj\Debug\main.o
uart_init                                         obj\Debug\uart.o
                                                  obj\Debug\main.o
uart_input                                        obj\Debug\main.o
uart_output                                       obj\Debug\main.o
uart_putchar                                      obj\Debug\uart.o
                                                  obj\Debug\main.o
vfprintf                                          C:\Users\Airchip\Downloads\avr8-gnu-toolchain\avr\lib\libc.a(vfprintf_std.o)
                                                  C:\Users\Airchip\Downloads\avr8-gnu-toolchain\avr\lib\libc.a(printf.o)
writeregval                                       obj\Debug\main.o
